src/middleware/validation.middleware.ts(2,10): error TS2724: '"zod"' has no exported member named 'AnyZodObject'. Did you mean 'ZodObject'?
src/middleware/validation.middleware.ts(15,35): error TS2339: Property 'errors' does not exist on type 'ZodError<unknown>'.
