src/config/env.ts(1,8): error TS1192: Module '"E:/Naimur Sharon/WHMCS/backend/node_modules/dotenv/lib/main"' has no default export.
src/config/env.ts(2,8): error TS1259: Module '"path"' can only be default-imported using the 'esModuleInterop' flag
src/controllers/nagad.controller.ts(85,17): error TS2322: Type '{ gateway: string; transactionId: string; status: string; requestData: string; responseData: string; }' is not assignable to type '(Without<GatewayLogCreateInput, GatewayLogUncheckedCreateInput> & GatewayLogUncheckedCreateInput) | (Without<...> & GatewayLogCreateInput)'.
  Type '{ gateway: string; transactionId: string; status: string; requestData: string; responseData: string; }' is not assignable to type 'Without<GatewayLogUncheckedCreateInput, GatewayLogCreateInput> & GatewayLogCreateInput'.
    Property 'updatedAt' is missing in type '{ gateway: string; transactionId: string; status: string; requestData: string; responseData: string; }' but required in type 'GatewayLogCreateInput'.
src/middleware/auth.middleware.ts(2,8): error TS1192: Module '"E:/Naimur Sharon/WHMCS/backend/node_modules/@types/jsonwebtoken/index"' has no default export.
src/services/crypto.service.ts(1,8): error TS1192: Module '"crypto"' has no default export.
src/services/email.service.ts(1,8): error TS1192: Module '"E:/Naimur Sharon/WHMCS/backend/node_modules/@types/nodemailer/index"' has no default export.
src/services/investor.service.ts(4,8): error TS1192: Module '"fs"' has no default export.
src/services/investor.service.ts(5,8): error TS1259: Module '"path"' can only be default-imported using the 'esModuleInterop' flag
src/services/invoiceService.ts(8,36): error TS6142: Module './pdfService' was resolved to 'E:/Naimur Sharon/WHMCS/backend/src/services/pdfService.tsx', but '--jsx' is not set.
src/services/webhook.service.ts(2,8): error TS1192: Module '"crypto"' has no default export.
src/utils/logger.ts(1,8): error TS1259: Module '"E:/Naimur Sharon/WHMCS/backend/node_modules/winston/index"' can only be default-imported using the 'esModuleInterop' flag
